test.ts(9,43): error TS2345: Argument of type '{ model: string; }' is not assignable to parameter of type 'LiveConnectParameters'.
  Property 'callbacks' is missing in type '{ model: string; }' but required in type 'LiveConnectParameters'.
test.ts(19,44): error TS2345: Argument of type '{ model: string; }' is not assignable to parameter of type 'LiveConnectParameters'.
  Property 'callbacks' is missing in type '{ model: string; }' but required in type 'LiveConnectParameters'.
test2.ts(30,21): error TS2339: Property 'send' does not exist on type 'Session'.
test_config.ts(12,45): error TS2345: Argument of type '{ model: string; config: any; }' is not assignable to parameter of type 'LiveConnectParameters'.
  Property 'callbacks' is missing in type '{ model: string; config: any; }' but required in type 'LiveConnectParameters'.
test_config.ts(23,21): error TS2339: Property 'send' does not exist on type 'Session'.
test_exact.ts(12,45): error TS2345: Argument of type '{ model: string; config: { responseModalities: Modality.AUDIO[]; speechConfig: { voiceConfig: { prebuiltVoiceConfig: { voiceName: string; }; }; }; systemInstruction: { parts: { text: string; }[]; }; }; }' is not assignable to parameter of type 'LiveConnectParameters'.
  Property 'callbacks' is missing in type '{ model: string; config: { responseModalities: Modality.AUDIO[]; speechConfig: { voiceConfig: { prebuiltVoiceConfig: { voiceName: string; }; }; }; systemInstruction: { parts: { text: string; }[]; }; }; }' but required in type 'LiveConnectParameters'.
test_exact.ts(24,15): error TS2339: Property 'on' does not exist on type 'Session'.
test_exact.ts(25,15): error TS2339: Property 'on' does not exist on type 'Session'.
test_voices.ts(12,45): error TS2345: Argument of type '{ model: string; config: any; }' is not assignable to parameter of type 'LiveConnectParameters'.
  Property 'callbacks' is missing in type '{ model: string; config: any; }' but required in type 'LiveConnectParameters'.
